    <form class="form-class1 form-class2" action="#" method="post" id="frm-form" enctype="multipart/form-data">

        <fieldset id="custom-group-id">
    <legend>Group 1</legend>
    <p>Group 1 description.</p>
    <div class="form-group row">
    <label class="col-sm-3 col-form-label" for="frm-form-text">Text</label>
        <div class="col-sm-9">
    <input type="text" name="text" id="frm-form-text" class="form-control">

    <small class="form-text text-muted">Control text description.</small>

        </div>
    </div>
    <div class="form-group row">
    <label class="col-sm-3 col-form-label" for="frm-form-textarea">TextArea</label>
        <div class="col-sm-9">
    <textarea class="form-control" name="textarea" id="frm-form-textarea"></textarea>

    <small class="form-text text-muted">Control textarea description.</small>

        </div>
    </div>
        <fieldset>
    <legend><span>Group 2 label</span></legend>
    <p><span>Group 2 description.</span></p>
    <div class="form-group row">
        <div class="col-sm-9 offset-sm-3">
    <div class="form-check">
        <input type="checkbox" name="container[checkbox]" id="frm-form-container-checkbox" class="form-check-input">
        <label class="form-check-label" for="frm-form-container-checkbox">Checkbox</label>
    </div>

    <small class="form-text text-muted">Control checkbox description.</small>

        </div>
    </div>
    <div class="form-group row">
    <label class="col-sm-3 col-form-label pt-sm-0">CheckBoxList</label>
        <div class="col-sm-9">
        <div>
    <div class="form-check">
        <input type="checkbox" name="container[checkboxlist][]" id="frm-form-container-checkboxlist-1" value="1" class="form-check-input">
        <label class="form-check-label" for="frm-form-container-checkboxlist-1">one</label>
    </div>
    <div class="form-check">
        <input type="checkbox" name="container[checkboxlist][]" id="frm-form-container-checkboxlist-2" value="2" class="form-check-input">
        <label class="form-check-label" for="frm-form-container-checkboxlist-2">two</label>
    </div>
        </div>

    <small class="form-text text-muted">Control checkboxlist description.</small>

        </div>
    </div>
    <div class="form-group row">
    <label class="col-sm-3 col-form-label pt-sm-0">RadioList</label>
        <div class="col-sm-9">
        <div>
    <div class="form-check">
        <input type="radio" name="container[radiolist]" id="frm-form-container-radiolist-3" value="3" class="form-check-input">
        <label class="form-check-label" for="frm-form-container-radiolist-3">three</label>
    </div>
    <div class="form-check">
        <input type="radio" name="container[radiolist]" id="frm-form-container-radiolist-4" value="4" class="form-check-input">
        <label class="form-check-label" for="frm-form-container-radiolist-4">four</label>
    </div>
        </div>

    <small class="form-text text-muted">Control radiolist description.</small>

        </div>
    </div>
    <div class="form-group row">
    <label class="col-sm-3 col-form-label" for="frm-form-container-innerContainer-selectbox">Selectbox</label>
        <div class="col-sm-9">
    <select class="form-control" name="container[innerContainer][selectbox]" id="frm-form-container-innerContainer-selectbox"><option value="5">five</option><option value="6">six</option></select>

    <small class="form-text text-muted">Control selectbox description.</small>

        </div>
    </div>
    <div class="form-group row">
    <label class="col-sm-3 col-form-label" for="frm-form-container-innerContainer-upload">Upload</label>
        <div class="col-sm-9">
        <input type="file" name="container[innerContainer][upload]" id="frm-form-container-innerContainer-upload" data-nette-rules='[{"op":":fileSize","msg":"The size of the uploaded file can be up to 1048576 bytes.","arg":1048576}]' class="form-control-file">

    <small class="form-text text-muted">Control upload description.</small>

        </div>
    </div>
        </fieldset>
        </fieldset>
    <div class="form-group row">
    <label class="label-class1 label-class2 col-sm-3 col-form-label" for="frm-form-foo">Foo</label>
        <div class="col-sm-9">
    <div data-foo="foo" class="control-class1 control-class2"><input name="foo" id="frm-form-foo"><span>foo</span></div>

    <small class="form-text text-muted">Control foo description.</small>

        </div>
    </div>
    <div class="form-group row">
        <div class="col-sm-9 offset-sm-3">
                        <input type="submit" name="send" class="btn btn-primary" value="SubmitButton">

    <small class="form-text text-muted">Control send description.</small>

                        <input type="button" name="button" class="btn btn-secondary" value="Button">

    <small class="form-text text-muted">Control button description.</small>

                        <input type="button" name="warning" class="btn btn-warning">

    <small class="form-text text-muted">Control warning description.</small>

        </div>
    </div>
    <div class="form-group row">
    <label class="col-sm-3 col-form-label pt-sm-0">InlineCheckboxList</label>
        <div class="col-sm-9">
        <div>
    <div class="form-check form-check-inline">
        <input type="checkbox" name="inlinecheckboxlist[]" id="frm-form-inlinecheckboxlist-0" disabled value="0" class="form-check-input">
        <label class="form-check-label" for="frm-form-inlinecheckboxlist-0">foo</label>
    </div>
    <div class="form-check form-check-inline">
        <input type="checkbox" name="inlinecheckboxlist[]" id="frm-form-inlinecheckboxlist-1" value="1" class="form-check-input">
        <label class="form-check-label" for="frm-form-inlinecheckboxlist-1">bar</label>
    </div>
        </div>

    <small class="form-text text-muted">Control inlinecheckboxlist description.</small>

        </div>
    </div>
    <div class="form-group row">
    <label class="col-sm-3 col-form-label pt-sm-0">InlineRadioList</label>
        <div class="col-sm-9">
        <div>
    <div class="form-check form-check-inline">
        <input type="radio" name="inlineradiolist" id="frm-form-inlineradiolist-0" disabled value="0" class="form-check-input">
        <label class="form-check-label" for="frm-form-inlineradiolist-0">foo</label>
    </div>
    <div class="form-check form-check-inline">
        <input type="radio" name="inlineradiolist" id="frm-form-inlineradiolist-1" value="1" class="form-check-input">
        <label class="form-check-label" for="frm-form-inlineradiolist-1">bar</label>
    </div>
        </div>

    <small class="form-text text-muted">Control inlineradiolist description.</small>

        </div>
    </div>
    <div class="form-group row">
    <label class="col-sm-3 col-form-label" for="frm-form-range">Range</label>
        <div class="col-sm-9">
    <input type="range" name="range" id="frm-form-range" class="form-control-range">

    <small class="form-text text-muted">Control range description.</small>

        </div>
    </div>
    <div class="form-group row">
        <div class="col-sm-9 offset-sm-3">
    <div class="form-check">
        <input type="checkbox" name="switch" id="frm-form-switch" class="form-check-input">
        <label class="form-check-label" for="frm-form-switch">Switch</label>
    </div>

    <small class="form-text text-muted">Control switch description.</small>

        </div>
    </div>
<input type="hidden" name="hidden" value=""><input type="hidden" name="_do" value="form-submit">    </form>