    <form class="form-class1 form-class2" action="#" method="post" id="frm-form" enctype="multipart/form-data">

        <fieldset id="custom-group-id">
    <legend>Group 1</legend>
    <p>Group 1 description.</p>
    <div class="form-group row">
    <label class="col-sm-3 col-form-label" for="frm-form-text">Text</label>
        <div class="col-sm-9">
    <input type="text" name="text" id="frm-form-text" class="form-control">


        </div>
    </div>
    CUSTOM TEXTAREA PAIR TYPE RENDERING
        <fieldset>
    <legend><span>Group 2 label</span></legend>
    <p><span>Group 2 description.</span></p>
    <div class="form-group row">
        <div class="col-sm-9 offset-sm-3">
    <div class="form-check">
        <input type="checkbox" name="container[checkbox]" id="frm-form-container-checkbox" class="form-check-input">
        <label class="form-check-label" for="frm-form-container-checkbox">Checkbox</label>
    </div>


        </div>
    </div>
    <div class="form-group row">
    <label class="col-sm-3 col-form-label pt-sm-0">CheckBoxList</label>
        <div class="col-sm-9">
    CUSTOM CHECKBOXLIST CONTROL RENDERING
        </div>
    </div>
    <div class="form-group row">
    <label class="col-sm-3 col-form-label pt-sm-0">RadioList</label>
        <div class="col-sm-9">
    CUSTOM RADIO CONTROL TYPE RENDERING
        </div>
    </div>
    <div class="form-group row">
    <label class="col-sm-3 col-form-label" for="frm-form-container-innerContainer-selectbox">Selectbox</label>
        <div class="col-sm-9">
    <select class="form-control" name="container[innerContainer][selectbox]" id="frm-form-container-innerContainer-selectbox"><option value="5">five</option><option value="6">six</option></select>


        </div>
    </div>
    <div class="form-group row">
    <label class="col-sm-3 col-form-label" for="frm-form-container-innerContainer-upload">Upload</label>
        <div class="col-sm-9">
        <input type="file" name="container[innerContainer][upload]" id="frm-form-container-innerContainer-upload" data-nette-rules='[{"op":":fileSize","msg":"The size of the uploaded file can be up to 1048576 bytes.","arg":1048576}]' class="form-control-file">


        </div>
    </div>
        </fieldset>
        </fieldset>
    CUSTOM FOO PAIR RENDERING
    <div class="form-group row">
        <div class="col-sm-9 offset-sm-3">
                    <input type="submit" name="send" class="btn btn-primary" value="SubmitButton">


                    <input type="button" name="button" class="btn btn-secondary" value="Button">


                    <input type="button" name="warning" class="btn btn-warning">


        </div>
    </div>
    <div class="form-group row">
    <label class="col-sm-3 col-form-label pt-sm-0">InlineCheckboxList</label>
        <div class="col-sm-9">
        <div>
    <div class="form-check form-check-inline">
        <input type="checkbox" name="inlinecheckboxlist[]" id="frm-form-inlinecheckboxlist-0" disabled value="0" class="form-check-input">
        <label class="form-check-label" for="frm-form-inlinecheckboxlist-0">foo</label>
    </div>
    <div class="form-check form-check-inline">
        <input type="checkbox" name="inlinecheckboxlist[]" id="frm-form-inlinecheckboxlist-1" value="1" class="form-check-input">
        <label class="form-check-label" for="frm-form-inlinecheckboxlist-1">bar</label>
    </div>
        </div>


        </div>
    </div>
    <div class="form-group row">
    <label class="col-sm-3 col-form-label pt-sm-0">InlineRadioList</label>
        <div class="col-sm-9">
    CUSTOM RADIO CONTROL TYPE RENDERING
        </div>
    </div>
    <div class="form-group row">
    <label class="col-sm-3 col-form-label" for="frm-form-range">Range</label>
        <div class="col-sm-9">
    <input type="range" name="range" id="frm-form-range" class="form-control-range">


        </div>
    </div>
    <div class="form-group row">
        <div class="col-sm-9 offset-sm-3">
    <div class="form-check">
        <input type="checkbox" name="switch" id="frm-form-switch" class="form-check-input">
        <label class="form-check-label" for="frm-form-switch">Switch</label>
    </div>

    <small class="form-text text-muted">Switch description</small>

        </div>
    </div>
<input type="hidden" name="hidden" value=""><input type="hidden" name="_do" value="form-submit">    </form>
